
Memory Configuration

Name             Origin             Length             Attributes
FLASH            0x08000000         0x00100000         xr
RESULT_SRAM      0x20000000         0x00000004         xrw
SRAM             0x20000004         0x0001f3fc         xrw
*default*        0x00000000         0xffffffff

Linker script and memory map


.text           0x08000000      0xaa0
 *(.isr_vector)
 .isr_vector    0x08000000      0x188 ./output/stm32f407_startup.o
                0x08000000                vectors
 *(.text)
 .text          0x08000188      0x814 ./output/stm32f407_gpio_driver.o
                0x08000188                GPIO_PeriClockControl
                0x08000290                GPIO_Init
                0x080005c8                GPIO_DeInit
                0x08000734                GPIO_ReadFromInputPin
                0x0800075e                GPIO_ReadFromInputPort
                0x08000778                GPIO_WriteToOutputPin
                0x080007c0                GPIO_WriteToOutputPort
                0x080007dc                GPIO_ToggleOutputPin
                0x08000804                GPIO_IRQInterruptConfig
                0x0800090c                GPIO_IRQPriorityConfig
                0x0800095e                GPIO_IRQHandling
 .text          0x0800099c       0x78 ./output/main.o
                0x0800099c                delay
                0x080009c8                main
 .text          0x08000a14       0x8c ./output/stm32f407_startup.o
                0x08000a14                RTC_Alarm_IRQHandler
                0x08000a14                HASH_RNG_IRQHandler
                0x08000a14                EXTI2_IRQHandler
                0x08000a14                TIM8_CC_IRQHandler
                0x08000a14                DebugMon_Handler
                0x08000a14                TIM1_CC_IRQHandler
                0x08000a14                DMA2_Stream5_IRQHandler
                0x08000a14                HardFault_Handler
                0x08000a14                DMA1_Stream5_IRQHandler
                0x08000a14                SysTick_Handler
                0x08000a14                PVD_IRQHandler
                0x08000a14                SDIO_IRQHandler
                0x08000a14                TAMP_STAMP_IRQHandler
                0x08000a14                PendSV_Handler
                0x08000a14                NMI_Handler
                0x08000a14                CAN2_RX1_IRQHandler
                0x08000a14                EXTI3_IRQHandler
                0x08000a14                TIM8_TRG_COM_TIM14_IRQHandler
                0x08000a14                TIM1_UP_TIM10_IRQHandler
                0x08000a14                TIM8_UP_TIM13_IRQHandler
                0x08000a14                I2C3_ER_IRQHandler
                0x08000a14                EXTI0_IRQHandler
                0x08000a14                I2C2_EV_IRQHandler
                0x08000a14                DMA1_Stream2_IRQHandler
                0x08000a14                CAN1_RX0_IRQHandler
                0x08000a14                FPU_IRQHandler
                0x08000a14                OTG_HS_WKUP_IRQHandler
                0x08000a14                UsageFault_Handler
                0x08000a14                CAN2_SCE_IRQHandler
                0x08000a14                DMA2_Stream2_IRQHandler
                0x08000a14                SPI1_IRQHandler
                0x08000a14                TIM6_DAC_IRQHandler
                0x08000a14                TIM1_BRK_TIM9_IRQHandler
                0x08000a14                DCMI_IRQHandler
                0x08000a14                CAN2_RX0_IRQHandler
                0x08000a14                DMA2_Stream3_IRQHandler
                0x08000a14                USART6_IRQHandler
                0x08000a14                USART3_IRQHandler
                0x08000a14                CRYP_IRQHandler
                0x08000a14                DMA2_Stream6_IRQHandler
                0x08000a14                CAN1_RX1_IRQHandler
                0x08000a14                UART5_IRQHandler
                0x08000a14                DMA2_Stream0_IRQHandler
                0x08000a14                TIM4_IRQHandler
                0x08000a14                I2C1_EV_IRQHandler
                0x08000a14                DMA1_Stream6_IRQHandler
                0x08000a14                DMA1_Stream1_IRQHandler
                0x08000a14                UART4_IRQHandler
                0x08000a14                TIM3_IRQHandler
                0x08000a14                RCC_IRQHandler
                0x08000a14                TIM8_BRK_TIM12_IRQHandler
                0x08000a14                Default_Handler
                0x08000a14                EXTI15_10_IRQHandler
                0x08000a14                ADC_IRQHandler
                0x08000a14                DMA1_Stream7_IRQHandler
                0x08000a14                TIM7_IRQHandler
                0x08000a14                CAN2_TX_IRQHandler
                0x08000a14                TIM5_IRQHandler
                0x08000a14                DMA2_Stream7_IRQHandler
                0x08000a14                I2C3_EV_IRQHandler
                0x08000a14                EXTI9_5_IRQHandler
                0x08000a14                RTC_WKUP_IRQHandler
                0x08000a14                ETH_WKUP_IRQHandler
                0x08000a14                SPI2_IRQHandler
                0x08000a14                OTG_HS_EP1_IN_IRQHandler
                0x08000a14                MemManage_Handler
                0x08000a14                DMA1_Stream0_IRQHandler
                0x08000a14                CAN1_TX_IRQHandler
                0x08000a14                SVC_Handler
                0x08000a14                EXTI4_IRQHandler
                0x08000a14                FSMC_IRQHandler
                0x08000a14                ETH_IRQHandler
                0x08000a14                OTG_HS_EP1_OUT_IRQHandler
                0x08000a14                WWDG_IRQHandler
                0x08000a14                TIM2_IRQHandler
                0x08000a14                OTG_FS_WKUP_IRQHandler
                0x08000a14                TIM1_TRG_COM_TIM11_IRQHandler
                0x08000a14                OTG_HS_IRQHandler
                0x08000a14                EXTI1_IRQHandler
                0x08000a14                USART2_IRQHandler
                0x08000a14                I2C2_ER_IRQHandler
                0x08000a14                DMA2_Stream1_IRQHandler
                0x08000a14                CAN1_SCE_IRQHandler
                0x08000a14                DMA2_Stream4_IRQHandler
                0x08000a14                BusFault_Handler
                0x08000a14                USART1_IRQHandler
                0x08000a14                OTG_FS_IRQHandler
                0x08000a14                SPI3_IRQHandler
                0x08000a14                DMA1_Stream4_IRQHandler
                0x08000a14                I2C1_ER_IRQHandler
                0x08000a14                DMA1_Stream3_IRQHandler
                0x08000a1a                Reset_Handler
 *(.text.*)
 *(.init)
 *(.fini)
 *(.rodata)
 *(.rodata.*)
                0x08000aa0                . = ALIGN (0x4)
                0x08000aa0                _etext = .
                0x08000aa0                _la_data = LOADADDR (.data)

.glue_7         0x08000aa0        0x0
 .glue_7        0x08000aa0        0x0 linker stubs

.glue_7t        0x08000aa0        0x0
 .glue_7t       0x08000aa0        0x0 linker stubs

.vfp11_veneer   0x08000aa0        0x0
 .vfp11_veneer  0x08000aa0        0x0 linker stubs

.v4_bx          0x08000aa0        0x0
 .v4_bx         0x08000aa0        0x0 linker stubs

.iplt           0x08000aa0        0x0
 .iplt          0x08000aa0        0x0 ./output/stm32f407_gpio_driver.o

.rel.dyn        0x08000aa0        0x0
 .rel.iplt      0x08000aa0        0x0 ./output/stm32f407_gpio_driver.o

.data           0x20000004        0x0 load address 0x08000aa0
                0x20000004                _sdata = .
 *(.data)
 .data          0x20000004        0x0 ./output/stm32f407_gpio_driver.o
 .data          0x20000004        0x0 ./output/main.o
 .data          0x20000004        0x0 ./output/stm32f407_startup.o
 *(.data.*)
                0x20000004                . = ALIGN (0x4)
                0x20000004                _edata = .

.igot.plt       0x20000004        0x0 load address 0x08000aa0
 .igot.plt      0x20000004        0x0 ./output/stm32f407_gpio_driver.o

.bss            0x20000004        0x0 load address 0x08000aa0
                0x20000004                _sbss = .
                0x20000004                __bss_start__ = _sbss
 *(.bss)
 .bss           0x20000004        0x0 ./output/stm32f407_gpio_driver.o
 .bss           0x20000004        0x0 ./output/main.o
 .bss           0x20000004        0x0 ./output/stm32f407_startup.o
 *(.bss.*)
 *(COMMON)
                0x20000004                . = ALIGN (0x4)
                0x20000004                _ebss = .
                0x20000004                __bss_end__ = _ebss
                0x20000004                . = ALIGN (0x4)
                0x20000004                end = .
                0x20000004                __end__ = .

.result
 *(.result)
LOAD ./output/stm32f407_gpio_driver.o
LOAD ./output/main.o
LOAD ./output/stm32f407_startup.o
OUTPUT(./output/main.elf elf32-littlearm)
LOAD linker stubs

.debug_info     0x00000000      0xb85
 .debug_info    0x00000000      0x7b8 ./output/stm32f407_gpio_driver.o
 .debug_info    0x000007b8      0x245 ./output/main.o
 .debug_info    0x000009fd      0x188 ./output/stm32f407_startup.o

.debug_abbrev   0x00000000      0x345
 .debug_abbrev  0x00000000      0x170 ./output/stm32f407_gpio_driver.o
 .debug_abbrev  0x00000170       0xef ./output/main.o
 .debug_abbrev  0x0000025f       0xe6 ./output/stm32f407_startup.o

.debug_aranges  0x00000000       0x60
 .debug_aranges
                0x00000000       0x20 ./output/stm32f407_gpio_driver.o
 .debug_aranges
                0x00000020       0x20 ./output/main.o
 .debug_aranges
                0x00000040       0x20 ./output/stm32f407_startup.o

.debug_line     0x00000000      0x822
 .debug_line    0x00000000      0x595 ./output/stm32f407_gpio_driver.o
 .debug_line    0x00000595      0x159 ./output/main.o
 .debug_line    0x000006ee      0x134 ./output/stm32f407_startup.o

.debug_str      0x00000000      0x54d
 .debug_str     0x00000000      0x4a9 ./output/stm32f407_gpio_driver.o
                                0x506 (size before relaxing)
 .debug_str     0x000004a9       0x2e ./output/main.o
                                0x23c (size before relaxing)
 .debug_str     0x000004d7       0x76 ./output/stm32f407_startup.o
                                0x1b0 (size before relaxing)

.comment        0x00000000       0x49
 .comment       0x00000000       0x49 ./output/stm32f407_gpio_driver.o
                                 0x4a (size before relaxing)
 .comment       0x00000049       0x4a ./output/main.o
 .comment       0x00000049       0x4a ./output/stm32f407_startup.o

.ARM.attributes
                0x00000000       0x2e
 .ARM.attributes
                0x00000000       0x2e ./output/stm32f407_gpio_driver.o
 .ARM.attributes
                0x0000002e       0x2e ./output/main.o
 .ARM.attributes
                0x0000005c       0x2e ./output/stm32f407_startup.o

.debug_frame    0x00000000      0x26c
 .debug_frame   0x00000000      0x1c8 ./output/stm32f407_gpio_driver.o
 .debug_frame   0x000001c8       0x58 ./output/main.o
 .debug_frame   0x00000220       0x4c ./output/stm32f407_startup.o
