
Memory Configuration

Name             Origin             Length             Attributes
FLASH            0x08000000         0x00010000         xr
SRAM             0x20000000         0x00005000         xrw
*default*        0x00000000         0xffffffff

Linker script and memory map


.text           0x08000000      0x4e4
 *(.isr_vector)
 .isr_vector    0x08000000      0x188 ./output/startup_stm32f103r8tx.o
                0x08000000                vectors
 *(.text)
 .text          0x08000188      0x1b4 ./output/STM32F103R8_gpio.o
                0x08000188                CLOCK_GPIOB_ENABLE
                0x080001a4                GPIO_B8_SETOUTPUT
                0x080001cc                GPIO_B9_SETOUTPUT
                0x080001f4                GPIO_B10_SETOUTPUT
                0x0800021c                GPIO_B11_SETOUTPUT
                0x08000244                GPIOB_WRITE
                0x08000290                GPIO_B8_BLINK
                0x080002ac                GPIO_B9_BLINK
                0x080002c8                GPIO_B10_BLINK
                0x080002e4                GPIO_B11_BLINK
                0x08000300                Delay
 .text          0x0800033c       0x8c ./output/startup_stm32f103r8tx.o
                0x0800033c                Reset_Handler
                0x080003c0                HASH_RNG_IRQHandler
                0x080003c0                EXTI2_IRQHandler
                0x080003c0                TIM8_CC_IRQHandler
                0x080003c0                DebugMon_Handler
                0x080003c0                TIM1_CC_IRQHandler
                0x080003c0                DMA2_Stream5_IRQHandler
                0x080003c0                HardFault_Handler
                0x080003c0                DMA1_Stream5_IRQHandler
                0x080003c0                SysTick_Handler
                0x080003c0                PVD_IRQHandler
                0x080003c0                SDIO_IRQHandler
                0x080003c0                TAMP_STAMP_IRQHandler
                0x080003c0                PendSV_Handler
                0x080003c0                NMI_Handler
                0x080003c0                CAN2_RX1_IRQHandler
                0x080003c0                EXTI3_IRQHandler
                0x080003c0                TIM8_TRG_COM_TIM14_IRQHandler
                0x080003c0                TIM1_UP_TIM10_IRQHandler
                0x080003c0                TIM8_UP_TIM13_IRQHandler
                0x080003c0                I2C3_ER_IRQHandler
                0x080003c0                EXTI0_IRQHandler
                0x080003c0                I2C2_EV_IRQHandler
                0x080003c0                DMA1_Stream2_IRQHandler
                0x080003c0                CAN1_RX0_IRQHandler
                0x080003c0                FPU_IRQHandler
                0x080003c0                OTG_HS_WKUP_IRQHandler
                0x080003c0                UsageFault_Handler
                0x080003c0                CAN2_SCE_IRQHandler
                0x080003c0                DMA2_Stream2_IRQHandler
                0x080003c0                SPI1_IRQHandler
                0x080003c0                TIM6_DAC_IRQHandler
                0x080003c0                TIM1_BRK_TIM9_IRQHandler
                0x080003c0                DCMI_IRQHandler
                0x080003c0                CAN2_RX0_IRQHandler
                0x080003c0                DMA2_Stream3_IRQHandler
                0x080003c0                USART6_IRQHandler
                0x080003c0                USART3_IRQHandler
                0x080003c0                CRYP_IRQHandler
                0x080003c0                RTC_Alarm_IRQHandler
                0x080003c0                CAN1_RX1_IRQHandler
                0x080003c0                UART5_IRQHandler
                0x080003c0                DMA2_Stream0_IRQHandler
                0x080003c0                TIM4_IRQHandler
                0x080003c0                I2C1_EV_IRQHandler
                0x080003c0                DMA1_Stream6_IRQHandler
                0x080003c0                DMA1_Stream1_IRQHandler
                0x080003c0                UART4_IRQHandler
                0x080003c0                TIM3_IRQHandler
                0x080003c0                RCC_IRQHandler
                0x080003c0                TIM8_BRK_TIM12_IRQHandler
                0x080003c0                Default_Handler
                0x080003c0                EXTI15_10_IRQHandler
                0x080003c0                ADC_IRQHandler
                0x080003c0                DMA1_Stream7_IRQHandler
                0x080003c0                TIM7_IRQHandler
                0x080003c0                CAN2_TX_IRQHandler
                0x080003c0                TIM5_IRQHandler
                0x080003c0                DMA2_Stream7_IRQHandler
                0x080003c0                I2C3_EV_IRQHandler
                0x080003c0                EXTI9_5_IRQHandler
                0x080003c0                RTC_WKUP_IRQHandler
                0x080003c0                ETH_WKUP_IRQHandler
                0x080003c0                SPI2_IRQHandler
                0x080003c0                OTG_HS_EP1_IN_IRQHandler
                0x080003c0                MemManage_Handler
                0x080003c0                DMA1_Stream0_IRQHandler
                0x080003c0                CAN1_TX_IRQHandler
                0x080003c0                SVC_Handler
                0x080003c0                EXTI4_IRQHandler
                0x080003c0                FSMC_IRQHandler
                0x080003c0                ETH_IRQHandler
                0x080003c0                OTG_HS_EP1_OUT_IRQHandler
                0x080003c0                WWDG_IRQHandler
                0x080003c0                TIM2_IRQHandler
                0x080003c0                OTG_FS_WKUP_IRQHandler
                0x080003c0                TIM1_TRG_COM_TIM11_IRQHandler
                0x080003c0                OTG_HS_IRQHandler
                0x080003c0                EXTI1_IRQHandler
                0x080003c0                USART2_IRQHandler
                0x080003c0                I2C2_ER_IRQHandler
                0x080003c0                DMA2_Stream1_IRQHandler
                0x080003c0                CAN1_SCE_IRQHandler
                0x080003c0                DMA2_Stream4_IRQHandler
                0x080003c0                BusFault_Handler
                0x080003c0                USART1_IRQHandler
                0x080003c0                OTG_FS_IRQHandler
                0x080003c0                SPI3_IRQHandler
                0x080003c0                DMA1_Stream4_IRQHandler
                0x080003c0                I2C1_ER_IRQHandler
                0x080003c0                DMA2_Stream6_IRQHandler
                0x080003c0                DMA1_Stream3_IRQHandler
 .text          0x080003c8      0x11c ./output/main.o
                0x080004c6                main
 *(.rodata)
                0x080004e4                . = ALIGN (0x4)
                0x080004e4                _etext = .

.glue_7         0x080004e4        0x0
 .glue_7        0x080004e4        0x0 linker stubs

.glue_7t        0x080004e4        0x0
 .glue_7t       0x080004e4        0x0 linker stubs

.vfp11_veneer   0x080004e4        0x0
 .vfp11_veneer  0x080004e4        0x0 linker stubs

.v4_bx          0x080004e4        0x0
 .v4_bx         0x080004e4        0x0 linker stubs

.iplt           0x080004e4        0x0
 .iplt          0x080004e4        0x0 ./output/startup_stm32f103r8tx.o

.rel.dyn        0x080004e4        0x0
 .rel.iplt      0x080004e4        0x0 ./output/startup_stm32f103r8tx.o

.data           0x20000000        0x0 load address 0x080004e4
                0x20000000                _sdata = .
 *(.data)
 .data          0x20000000        0x0 ./output/STM32F103R8_gpio.o
 .data          0x20000000        0x0 ./output/startup_stm32f103r8tx.o
 .data          0x20000000        0x0 ./output/main.o
                0x20000000                . = ALIGN (0x4)
                0x20000000                _edata = .

.igot.plt       0x20000000        0x0 load address 0x080004e4
 .igot.plt      0x20000000        0x0 ./output/startup_stm32f103r8tx.o

.bss            0x20000000        0x0 load address 0x080004e4
                0x20000000                _sbss = .
 *(.bss)
 .bss           0x20000000        0x0 ./output/STM32F103R8_gpio.o
 .bss           0x20000000        0x0 ./output/startup_stm32f103r8tx.o
 .bss           0x20000000        0x0 ./output/main.o
                0x20000000                . = ALIGN (0x4)
                0x20000000                _ebss = .
LOAD ./output/STM32F103R8_gpio.o
LOAD ./output/startup_stm32f103r8tx.o
LOAD ./output/main.o
OUTPUT(./output/main.elf elf32-littlearm)
LOAD linker stubs

.debug_info     0x00000000      0x524
 .debug_info    0x00000000      0x2bd ./output/STM32F103R8_gpio.o
 .debug_info    0x000002bd      0x188 ./output/startup_stm32f103r8tx.o
 .debug_info    0x00000445       0xdf ./output/main.o

.debug_abbrev   0x00000000      0x28f
 .debug_abbrev  0x00000000       0xe3 ./output/STM32F103R8_gpio.o
 .debug_abbrev  0x000000e3       0xe6 ./output/startup_stm32f103r8tx.o
 .debug_abbrev  0x000001c9       0xc6 ./output/main.o

.debug_aranges  0x00000000       0x60
 .debug_aranges
                0x00000000       0x20 ./output/STM32F103R8_gpio.o
 .debug_aranges
                0x00000020       0x20 ./output/startup_stm32f103r8tx.o
 .debug_aranges
                0x00000040       0x20 ./output/main.o

.debug_line     0x00000000      0x378
 .debug_line    0x00000000      0x120 ./output/STM32F103R8_gpio.o
 .debug_line    0x00000120      0x136 ./output/startup_stm32f103r8tx.o
 .debug_line    0x00000256      0x122 ./output/main.o

.debug_str      0x00000000      0x378
 .debug_str     0x00000000      0x282 ./output/STM32F103R8_gpio.o
                                0x2a0 (size before relaxing)
 .debug_str     0x00000282       0xbc ./output/startup_stm32f103r8tx.o
                                0x1b1 (size before relaxing)
 .debug_str     0x0000033e       0x3a ./output/main.o
                                0x10a (size before relaxing)

.comment        0x00000000       0x49
 .comment       0x00000000       0x49 ./output/STM32F103R8_gpio.o
                                 0x4a (size before relaxing)
 .comment       0x00000049       0x4a ./output/startup_stm32f103r8tx.o
 .comment       0x00000049       0x4a ./output/main.o

.ARM.attributes
                0x00000000       0x2d
 .ARM.attributes
                0x00000000       0x2d ./output/STM32F103R8_gpio.o
 .ARM.attributes
                0x0000002d       0x2d ./output/startup_stm32f103r8tx.o
 .ARM.attributes
                0x0000005a       0x2d ./output/main.o

.debug_frame    0x00000000      0x238
 .debug_frame   0x00000000      0x180 ./output/STM32F103R8_gpio.o
 .debug_frame   0x00000180       0x4c ./output/startup_stm32f103r8tx.o
 .debug_frame   0x000001cc       0x6c ./output/main.o
